
> stagnation-scanner@0.0.0 build
> tsc -b && vite build

src/App.tsx(1,8): error TS6133: 'React' is declared but its value is never read.
src/App.tsx(7,33): error TS1484: 'SalaryPoint' is a type and must be imported using a type-only import when 'verbatimModuleSyntax' is enabled.
src/App.tsx(7,46): error TS1484: 'TrajectoryPoint' is a type and must be imported using a type-only import when 'verbatimModuleSyntax' is enabled.
src/App.tsx(8,30): error TS1484: 'RiskResult' is a type and must be imported using a type-only import when 'verbatimModuleSyntax' is enabled.
src/App.tsx(9,32): error TS1484: 'EscapePath' is a type and must be imported using a type-only import when 'verbatimModuleSyntax' is enabled.
src/components/Environment3D.tsx(1,8): error TS6133: 'React' is declared but its value is never read.
src/components/Environment3D.tsx(16,13): error TS6133: 'state' is declared but its value is never read.
src/components/Environment3D.tsx(26,10): error TS2741: Property 'args' is missing in type '{ attach: string; count: number; array: Float32Array<ArrayBuffer>; itemSize: number; }' but required in type 'Mutable<Overwrite<Partial<Overwrite<BufferAttribute, MathProps<BufferAttribute> & ReactProps<BufferAttribute>>>, Omit<...>>>'.
src/components/EscapePlan.tsx(3,10): error TS1484: 'EscapePath' is a type and must be imported using a type-only import when 'verbatimModuleSyntax' is enabled.
src/components/IntakeForm.tsx(3,10): error TS1484: 'SalaryPoint' is a type and must be imported using a type-only import when 'verbatimModuleSyntax' is enabled.
src/components/RiskCard.tsx(3,10): error TS1484: 'RiskResult' is a type and must be imported using a type-only import when 'verbatimModuleSyntax' is enabled.
src/components/StagnationGraph.tsx(3,10): error TS1484: 'TrajectoryPoint' is a type and must be imported using a type-only import when 'verbatimModuleSyntax' is enabled.
src/components/StagnationGraph.tsx(5,25): error TS6133: 'TrendingDown' is declared but its value is never read.
src/components/StagnationGraph.tsx(62,15): error TS2322: Type '(val: number) => string' is not assignable to type 'Formatter<number, NameType> & ((value: number, name: NameType, item: Payload<number, NameType>, index: number, payload: Payload<number, NameType>[]) => ReactNode | [...])'.
  Type '(val: number) => string' is not assignable to type 'Formatter<number, NameType>'.
    Types of parameters 'val' and 'value' are incompatible.
      Type 'number | undefined' is not assignable to type 'number'.
        Type 'undefined' is not assignable to type 'number'.
